python.exe : 
Traceback (most 
recent call last):
Au caractère 
Ligne:1 : 1
+ & ".\.venv\Scrip
ts\python.exe" run
_tests_simple.py 
2>&1 | Tee-Object 
 ...
+ ~~~~~~~~~~~~~~~~
~~~~~~~~~~~~~~~~~~
~~~~~~~~~~~~~~~~~~
~~~
    + CategoryInf 
   o          :   
  NotSpecified:   
  (Traceback (    
most recent c    
all last)::St    
ring) [], Rem    
oteException
    + FullyQualif 
   iedErrorId :   
  NativeCommand   
 Error
 
  File "D:\Projet_
streamlit\assistan
t_matanne\run_test
s_simple.py", 
line 44, in 
<module>
    
sys.exit(main())
             
^^^^^^
  File "D:\Projet_
streamlit\assistan
t_matanne\run_test
s_simple.py", 
line 30, in main
    print(f"\U0001
f680 Lancement 
des tests depuis: 
{work_dir}")
  File 
"C:\Program Files\
WindowsApps\Python
SoftwareFoundation
.Python.3.11_3.11.
2544.0_x64__qbz5n2
kfra8p0\Lib\encodi
ngs\cp1252.py", 
line 19, in encode
    return codecs.
charmap_encode(inp
ut,self.errors,enc
oding_table)[0]
           ^^^^^^^
^^^^^^^^^^^^^^^^^^
^^^^^^^^^^^^^^^^^^
^^^^^^^^^^^^
UnicodeEncodeError
: 'charmap' codec 
can't encode 
character 
'\U0001f680' in 
position 0: 
character maps to 
<undefined>
